
> my-project@0.1.0 build
> next build

Γû▓ Next.js 16.2.4 (Turbopack)
- Environments: .env

node.exe : ΓÜá The "middleware" file convention is deprecated. Please use "proxy" instead. Learn more: 
https://nextjs.org/docs/messages/middleware-to-proxy
At C:\Program Files\nodejs\npm.ps1:29 char:3
+   & $NODE_EXE $NPM_CLI_JS $args
+   ~~~~~~~~~~~~~~~~~~~~~~~~~~~~~
    + CategoryInfo          : NotSpecified: (ΓÜá The "middle...leware-to-proxy:String) [], RemoteException
    + FullyQualifiedErrorId : NativeCommandError
 
  Creating an optimized production build ...
Γ£ô Compiled successfully in 25.3s
  Skipping validation of types
  Finished TypeScript config validation in 55ms ...
  Collecting page data using 3 workers ...
  Generating static pages using 3 workers (0/10) ...
prisma:query SELECT `main`.`User`.`id` FROM `main`.`User` WHERE 1=1 ORDER BY `main`.`User`.`createdAt` ASC LIMIT ? OFFSET ?
prisma:query SELECT `main`.`Donation`.`id`, `main`.`Donation`.`title`, `main`.`Donation`.`description`, `main`.`Donation`.`quantity`, `main`.`Donation`.`unit`, `main`.`Donation`.`pickupTime`, `main`.`Donation`.`location`, `main`.`Donation`.`status`, `main`.`Donation`.`createdAt`, `main`.`Donation`.`donorId`, `main`.`Donation`.`receiverId`, `main`.`Donation`.`charityId` FROM `main`.`Donation` WHERE `main`.`Donation`.`status` IN (?,?) ORDER BY `main`.`Donation`.`createdAt` DESC LIMIT ? OFFSET ?
prisma:query SELECT COUNT(*) AS `_count$_all` FROM (SELECT `main`.`Donation`.`id` FROM `main`.`Donation` WHERE `main`.`Donation`.`status` = ? LIMIT ? OFFSET ?) AS `sub`
prisma:query SELECT SUM(`quantity`) AS `_sum$quantity` FROM (SELECT `main`.`Donation`.`quantity` FROM `main`.`Donation` WHERE `main`.`Donation`.`status` = ? LIMIT ? OFFSET ?) AS `sub`
prisma:query SELECT COUNT(*) AS `_count$_all` FROM (SELECT `main`.`Charity`.`id` FROM `main`.`Charity` WHERE 1=1 LIMIT ? OFFSET ?) AS `sub`
prisma:query SELECT `main`.`Charity`.`id`, `main`.`Charity`.`name`, `main`.`Charity`.`description`, `main`.`Charity`.`image`, `main`.`Charity`.`createdAt`, `main`.`Charity`.`updatedAt`, `main`.`Charity`.`userId`, COALESCE(`aggr_selection_0_Donation`.`_aggr_count_donations`, 0) AS `_aggr_count_donations` FROM `main`.`Charity` LEFT JOIN (SELECT `main`.`Donation`.`charityId`, COUNT(*) AS `_aggr_count_donations` FROM `main`.`Donation` WHERE `main`.`Donation`.`status` = ? GROUP BY `main`.`Donation`.`charityId`) AS `aggr_selection_0_Donation` ON (`main`.`Charity`.`id` = `aggr_selection_0_Donation`.`charityId`) WHERE 1=1 ORDER BY `main`.`Charity`.`createdAt` DESC LIMIT ? OFFSET ?
prisma:query SELECT `main`.`User`.`id` FROM `main`.`User` WHERE 1=1 ORDER BY `main`.`User`.`createdAt` ASC LIMIT ? OFFSET ?
prisma:query SELECT `main`.`User`.`id` FROM `main`.`User` WHERE 1=1 ORDER BY `main`.`User`.`createdAt` ASC LIMIT ? OFFSET ?
prisma:query SELECT `main`.`Donation`.`id`, `main`.`Donation`.`title`, `main`.`Donation`.`description`, `main`.`Donation`.`quantity`, `main`.`Donation`.`unit`, `main`.`Donation`.`pickupTime`, `main`.`Donation`.`location`, `main`.`Donation`.`status`, `main`.`Donation`.`createdAt`, `main`.`Donation`.`donorId`, `main`.`Donation`.`receiverId`, `main`.`Donation`.`charityId` FROM `main`.`Donation` WHERE `main`.`Donation`.`donorId` = ? ORDER BY `main`.`Donation`.`createdAt` DESC LIMIT ? OFFSET ?
prisma:query SELECT `main`.`InventoryItem`.`id`, `main`.`InventoryItem`.`name`, `main`.`InventoryItem`.`category`, `main`.`InventoryItem`.`quantity`, `main`.`InventoryItem`.`unit`, `main`.`InventoryItem`.`expiryDate`, `main`.`InventoryItem`.`status`, `main`.`InventoryItem`.`createdAt`, `main`.`InventoryItem`.`updatedAt`, `main`.`InventoryItem`.`userId` FROM `main`.`InventoryItem` WHERE `main`.`InventoryItem`.`userId` = ? ORDER BY `main`.`InventoryItem`.`createdAt` DESC LIMIT ? OFFSET ?
prisma:query SELECT `main`.`WasteLog`.`id`, `main`.`WasteLog`.`productName`, `main`.`WasteLog`.`quantity`, `main`.`WasteLog`.`reason`, `main`.`WasteLog`.`cost`, `main`.`WasteLog`.`notes`, `main`.`WasteLog`.`createdAt`, `main`.`WasteLog`.`userId` FROM `main`.`WasteLog` WHERE (`main`.`WasteLog`.`userId` = ? AND `main`.`WasteLog`.`createdAt` >= ? AND `main`.`WasteLog`.`createdAt` <= ?) ORDER BY `main`.`WasteLog`.`createdAt` ASC LIMIT ? OFFSET ?
  Generating static pages using 3 workers (2/10) 
  Generating static pages using 3 workers (4/10) 
  Generating static pages using 3 workers (7/10) 
prisma:query SELECT `main`.`User`.`id` FROM `main`.`User` WHERE 1=1 ORDER BY `main`.`User`.`createdAt` ASC LIMIT ? OFFSET ?
prisma:query SELECT `main`.`WasteLog`.`id`, `main`.`WasteLog`.`productName`, `main`.`WasteLog`.`quantity`, `main`.`WasteLog`.`reason`, `main`.`WasteLog`.`cost`, `main`.`WasteLog`.`notes`, `main`.`WasteLog`.`createdAt`, `main`.`WasteLog`.`userId` FROM `main`.`WasteLog` WHERE `main`.`WasteLog`.`userId` = ? ORDER BY `main`.`WasteLog`.`createdAt` DESC LIMIT ? OFFSET ?
Γ£ô Generating static pages using 3 workers (10/10) in 1916ms
  Finalizing page optimization ...

Route (app)
Γöî Γùï /
Γö£ Γùï /_not-found
Γö£ ╞Æ /api/auth/[...nextauth]
Γö£ Γùï /dashboard
Γö£ Γùï /dashboard/donations
Γö£ Γùï /dashboard/inventory
Γö£ Γùï /dashboard/settings
Γö£ Γùï /dashboard/waste-logs
Γö£ Γùï /login
Γöö Γùï /register


╞Æ Proxy (Middleware)

Γùï  (Static)   prerendered as static content
╞Æ  (Dynamic)  server-rendered on demand

